RAM Allocation [bytes]
Variable                                                                          Address   Size
------------------------------------------------------------------------------------------------
gFlag_maintime                                                                    0x0500       1
key_time                                                                          0x0501      10
key_repeat                                                                        0x050B      10
cut_in_de_flag                                                                    0x0515       1
coa_in_de_flag                                                                    0x0516       1
bip_in_de_flag                                                                    0x0517       1
fan_data                                                                          0x0518       2
plate_data                                                                        0x051A       2
UD                                                                                0x051C      47
buzzer_cut_hand_flag                                                              0x054B       1
buzzer_coa_hand_flag                                                              0x054C       1
buzzer_cut_foot_flag                                                              0x054D       1
buzzer_coa_foot_flag                                                              0x054E       1
buzzer_bip_flag                                                                   0x054F       1
buzzer_up_flag                                                                    0x0550       1
buzzer_down_flag                                                                  0x0551       1
buzzer_start_flag                                                                 0x0552       1
buzzer_plate_alram_flag                                                           0x0553       1
buzzer_fan_error_flag                                                             0x0554       1
buzzer_over_watt_flag                                                             0x0555       1
blink_flag                                                                        0x0556       1
bipol_relay_time                                                                  0x0557       1
Time                                                                              0x0558       7
TF                                                                                0x055F       1
timer0_count                                                                      0x0560       1
blink_warring_flag                                                                0x0561       1
impedance_check_time                                                              0x0562       1
currentperiod                                                                     0x0563       2
buzzeractionflag                                                                  0x0565       1
impedance_check_flag                                                              0x0566       1
gReadIntTempFlag                                                                  0x0567       1
count                                                                             0x0568       1
DspMem                                                                            0x0569      10
gCurTemp                                                                          0x0573       2
s1                                                                                0x0575       2
s0                                                                                0x0577       2
s2                                                                                0x0579       2
s3                                                                                0x057B       2
s4                                                                                0x057D       2
s5                                                                                0x057F       2
TXdata                                                                            0x0581      48
txquefront                                                                        0x05B1       1
txquetail                                                                         0x05B2       1
txreadytime                                                                       0x05B3       1
datasendflag                                                                      0x05B4       1
RXdata                                                                            0x05B5      48
rxquefront                                                                        0x05E5       1
rxquetail                                                                         0x05E6       1
receivedelay                                                                      0x05E7       1
txtemp                                                                            0x05E8       1
receiveflag                                                                       0x05E9       1
noteindex                                                                         0x05EA       1
currentduration                                                                   0x05EB       1
buzznoteecho                                                                      0x05EC       2
buzzer_count                                                                      0x05EE       1
gAD_Channel                                                                       0x05EF       1
gI_err                                                                            0x05F0       4
prev_err                                                                          0x05F4       4
imp_value                                                                         0x05F8       2
imp_vol                                                                           0x05FA       2
imp_cur                                                                           0x05FC       2
save_data_reed                                                                    0x05FE      23
save_data_write                                                                   0x0615      23
_seed                                                                             0x062C       4

EEPROM Allocation [bytes]
Variable                                                                          Address   Size
------------------------------------------------------------------------------------------------

Register Allocation
Variable                                                                          Register  Size
------------------------------------------------------------------------------------------------
gExtTemp                                                                          R4,R5        2
gVoltage                                                                          R6,R7        2
gCurrent                                                                          R8,R9        2
buzzer_freq                                                                       R10,R11      2
buzzer_data                                                                       R12,R13      2

FLASH Allocation [words]
Function                                                                          Address   Size
------------------------------------------------------------------------------------------------
main                                                                              0x000D4     43
IO_Port_Init                                                                      0x000FF     26
IO_Data_Init                                                                      0x00119     31
IO_input                                                                          0x00138     10
IO_SET_bipol_monopol_power_sel                                                    0x00142      2
IO_CLR_bipol_monopol_power_sel                                                    0x00144      2
IO_SET_monopol_foot_sig_out                                                       0x00146      2
IO_CLR_monopol_foot_sig_out                                                       0x00148      2
IO_SET_monopol_hand_sig_out                                                       0x0014A      2
IO_CLR_monopol_hand_sig_out                                                       0x0014C      2
IO_SET_monopol_watt_sel                                                           0x0014E      2
IO_CLR_monopol_watt_sel                                                           0x00150      2
IO_SET_watt_protect                                                               0x00152      2
IO_CLR_watt_protect                                                               0x00154      2
IO_SET_monopol_spray_cont_relay                                                   0x00156      4
IO_CLR_monopol_spray_cont_relay                                                   0x0015A      6
IO_spray_relay                                                                    0x00160     17
Temp_over_detect_function_                                                        0x00171     22
IO_over_watt_detect_function_                                                     0x00187     39
IO_plate_error_function_                                                          0x001AE     26
_bipol_start_foot_botton_                                                         0x001C8     85
_stop_calc_                                                                       0x0021D     30
_bipol_encoder_botton_                                                            0x0023B     72
_warning_status_                                                                  0x00283      1
_mode_led_display_                                                                0x00284    141
TIME_TimeControl                                                                  0x00311    102
TIME_TimeCalculatorControl                                                        0x00377    134
TIME_CountInit                                                                    0x003FD     26
TIME_pwm_33Khz_setting                                                            0x00417     57
TIMER0_OVF_vect_Proc                                                              0x00450    129
TIMER1_OVF_vect_Proc                                                              0x004D1     12
TIM2_OVF_vect_Proc                                                                0x004DD     19
DSP_ShiftOut                                                                      0x004F0     26
Sel_ShiftOut                                                                      0x0050A     22
DspDatToMemory                                                                    0x00520    121
Fnd_Display_Schedule                                                              0x00599     67
ENCODER                                                                           0x005DC    469
USART_Init                                                                        0x007B1     18
UART_Packet_TX_RX                                                                 0x007C3    118
USART0_RXC_vect_Proc                                                              0x00839     49
USART_DRE0_vect_Proc                                                              0x0086A      1
USART0_TXC_vect_Proc                                                              0x0086B     36
_SetBaudrate_                                                                     0x0088F     87
BUZZER_action                                                                     0x008E6     91
_buzzer_out_count_                                                                0x00941     66
ACTION_Schedule                                                                   0x00983     61
ADCProcessor                                                                      0x009C0     57
_total_start_stop_                                                                0x009F9     21
_blend_1_hand_start_                                                              0x00A12      4
_blend_2_hand_start_                                                              0x00A16      4
_blend_off_foot_start_                                                            0x00A1A      4
_blend_1_foot_start_                                                              0x00A1E      4
_blend_2_foot_start_                                                              0x00A22      4
_contact_hand_start_                                                              0x00A26      3
_contact_foot_start_                                                              0x00A2C      6
_spray_foot_start_                                                                0x00A32      8
_imp_sense_off_start                                                              0x00A3A      8
PidControl                                                                        0x00A42    216
_imp_sense_on_start                                                               0x00B1A     14
_total_stop_                                                                      0x00B28     33
AD_Convert_Calculator_Proc                                                        0x00B49     77
Eeprom_Write_Control_Proc                                                         0x00B96    274
Eeprom_Read_Control_Proc                                                          0x00CA8    184
Delay                                                                             0x00D60      8
_Eeprom_Read_                                                                     0x00D68     12
_Eeprom_Write_                                                                    0x00D74     12
_Eeprom_init_data_                                                                0x00D80     26
_Eeprom_data_write_                                                               0x00D9A    116
I2C_Write                                                                         0x00E0E     28
i2c_delay                                                                         0x00E2A      2
I2C_Ack                                                                           0x00E2C     18
I2C_Start                                                                         0x00E3E      7
I2C_Stop                                                                          0x00E45      7
I2C_ShiftOut                                                                      0x00E4C     22
I2C_ShiftIn                                                                       0x00E62     28
TCN75_init                                                                        0x00E7E      9
TCN75_Read                                                                        0x00E87     65
DAC7611_init                                                                      0x00EC8      4
DAC7611_WriteVoltage                                                              0x00ECC     29
DAC7611_Write                                                                     0x00EE9     46
ADS1248_init                                                                      0x00F17     19
AD_ReadExTTemp                                                                    0x00F2A     70
AD_ReadVoltage                                                                    0x00F70     30
AD_ReadCurrent                                                                    0x00F8E     47
ADS1248_ChangeChannel                                                             0x00FBD     14
ADS1248_StopReadCommand                                                           0x00FCB      7
ADS1248_WriteRegByte                                                              0x00FD2     17
ADS1248_ADConvertData                                                             0x00FE3     54
ADS1248ResetCommand                                                               0x01019      7
ADS1248_ReadByte                                                                  0x01020      9
ADS1248_WriteByte                                                                 0x01029      7
ftrunc                                                                            0x01030     49
floor                                                                             0x01061     23
log                                                                               0x01078    128
exp                                                                               0x010F8    148
pow                                                                               0x0118C     80
