RAM Allocation [bytes]
Variable                                                                          Address   Size
------------------------------------------------------------------------------------------------
gElMatrix                                                                         0x0500       4
goldTime1ms                                                                       0x0504       2
gTime1ms                                                                          0x0506       2
gVoltage                                                                          0x0508       2
gMode                                                                             0x050A       1
gRunFlag                                                                          0x050B       1
gDose                                                                             0x050C       2
gDepth                                                                            0x050E       2
gSpeed                                                                            0x0510       2
gFlag                                                                             0x0512       1
gError                                                                            0x0513       1
gMotorPos1                                                                        0x0514       2
gMotorPos2                                                                        0x0516       2
gElCompletFlag                                                                    0x0518       1
gElCount                                                                          0x0519       2
gCurMode                                                                          0x051B       1
gReadyActionFlag                                                                  0x051C       1
gVolChkCount                                                                      0x051D       2
IPC1Rcvfun                                                                        0x051F      24
IPC1Sndfun                                                                        0x0537      24
IPC0Rcvfun                                                                        0x054F      24
IPC0Sndfun                                                                        0x0567      24
rx_buffer0                                                                        0x057F     250
rx_buffer1                                                                        0x0679     250
gAdcLoc                                                                           0x0773       2
gElLoc                                                                            0x0775       2
gCurState                                                                         0x0777       2
gCalValue0                                                                        0x0779       2
gCalValue1                                                                        0x077B       2
gDutyOff                                                                          0x077D       2
gShift                                                                            0x077F       2
gVolAdjCount                                                                      0x0781       2
gGenMode                                                                          0x0783       1
_seed                                                                             0x0784       4

EEPROM Allocation [bytes]
Variable                                                                          Address   Size
------------------------------------------------------------------------------------------------

Register Allocation
Variable                                                                          Register  Size
------------------------------------------------------------------------------------------------
rx_wr_index0                                                                      R5           1
rx_rd_index0                                                                      R4           1
rx_counter0                                                                       R7           1
rx_buffer_overflow0                                                               R6           1
mRcvErrFlag0                                                                      R9           1
rx_wr_index1                                                                      R8           1
rx_rd_index1                                                                      R11          1
rx_counter1                                                                       R10          1
rx_buffer_overflow1                                                               R13          1
mRcvErrFlag1                                                                      R12          1

FLASH Allocation [words]
Function                                                                          Address   Size
------------------------------------------------------------------------------------------------
_EEPROMWrite                                                                      0x000F0     13
_EEPROMRead                                                                       0x000FD     12
E2pReadLen                                                                        0x00109     32
E2pWriteLen                                                                       0x00129     30
i2c_delay                                                                         0x00147      2
DAC7611_init                                                                      0x00149      4
DAC7611_WriteVoltage                                                              0x0014D     32
DAC7611_Write                                                                     0x0016D     43
IPC1_RCV_MODE                                                                     0x00198      3
IPC1_RCV_RUN                                                                      0x0019B     14
IPC1_RCV_DOSE                                                                     0x001A9     28
IPC1_RCV_VOLTAGE                                                                  0x001C5     24
IPC1_RCV_DEPTH                                                                    0x001DD     17
IPC1_RCV_SPEED                                                                    0x001EE     20
IPC1_RCV_ELCOUNT                                                                  0x00202     28
IPC1_RCV_FLAG                                                                     0x0021E      6
IPC1_RCV_EL_MAP                                                                   0x00224     29
IPC1_RCV_MOTOR_POS1                                                               0x00241      3
IPC1_RCV_MOTOR_POS2                                                               0x00244      3
IPC1_RCV_ERROR                                                                    0x00247     39
IPC1_SND_MODE                                                                     0x0026E     13
IPC1_SND_RUN                                                                      0x0027B     12
IPC1_SND_DOSE                                                                     0x00287     12
IPC1_SND_VOLTAGE                                                                  0x00293     12
IPC1_SND_ELCOUNT                                                                  0x002B7     12
IPC1_SND_EL_MAP                                                                   0x002D3     34
MakeCrc                                                                           0x0032E     25
IPC_RunProcess1                                                                   0x00347     36
IPC_Send_Response1                                                                0x0036B      8
IPC_RcvProcess1                                                                   0x00373     34
IPC_SndProcess1                                                                   0x00395     28
IPC0_RCV_MODE                                                                     0x003B1     46
IPC0_RCV_RUN                                                                      0x003DF     26
IPC0_RCV_DOSE                                                                     0x003F9      3
IPC0_RCV_VOLTAGE                                                                  0x003FC      3
IPC0_RCV_DEPTH                                                                    0x003FF      3
IPC0_RCV_SPEED                                                                    0x00402      3
IPC0_RCV_ELCOUNT                                                                  0x00405      3
IPC0_RCV_FLAG                                                                     0x00408     12
IPC0_RCV_EL_MAP                                                                   0x00414      3
IPC0_RCV_MOTOR_POS1                                                               0x00417     13
IPC0_RCV_MOTOR_POS2                                                               0x00424     13
IPC0_RCV_ERROR                                                                    0x00431     23
IPC_RunProcess0                                                                   0x004A7     41
IPC_Send_Response0                                                                0x004D0      8
IPC_RcvProcess0                                                                   0x004D8     36
IPC_SndProcess0                                                                   0x004FC     32
usart1_rx_isr                                                                     0x0051C     27
IPC_Get_RxCount1                                                                  0x0054F      2
IPC_ResetCount1                                                                   0x00551      6
Tputchar1                                                                         0x00557      9
IPC_RcvData_Interrupt1                                                            0x00560     19
IPC_SendData1                                                                     0x00573     11
usart0_rx_isr                                                                     0x0057E     31
getchar0                                                                          0x0059D     25
IPC_Get_RxCount0                                                                  0x005B6      2
IPC_ResetCount0                                                                   0x005B8      6
Tputchar0                                                                         0x005BE      7
IPC_RcvData_Interrupt0                                                            0x005C5     23
IPC_SendData0                                                                     0x005DC     14
read_adc                                                                          0x005EA     40
timer0_ovf_isr                                                                    0x00612     19
PulseGenerator5                                                                   0x00625    157
PulseGenerator6                                                                   0x006C2    207
timer1_ovf_isr                                                                    0x00791     34
PortInit                                                                          0x007B3     91
InitData                                                                          0x0080E     33
InitSettingData                                                                   0x0082F      5
SystemInit                                                                        0x00834     46
WaitEvent                                                                         0x00862     35
SaveInEeprom                                                                      0x00885     72
LoadInEeprom                                                                      0x008CD    151
ADCProcessor                                                                      0x00964    320
DisplayLed                                                                        0x00AA4     29
UserProcessor                                                                     0x00AC1     50
main                                                                              0x00AF3     61
memset                                                                            0x00B30     16
