RAM Allocation [bytes]
Variable                                                                          Address   Size
------------------------------------------------------------------------------------------------
gElMatrix                                                                         0x0500       4
goldTime1ms                                                                       0x0504       2
gTime1ms                                                                          0x0506       2
gVoltage                                                                          0x0508       2
gMode                                                                             0x050A       1
gRunFlag                                                                          0x050B       1
gDose                                                                             0x050C       2
gDepth                                                                            0x050E       2
gSpeed                                                                            0x0510       2
gFlag                                                                             0x0512       1
gError                                                                            0x0513       1
gMotorPos1                                                                        0x0514       2
gMotorPos2                                                                        0x0516       2
gElCompletFlag                                                                    0x0518       1
gElCount                                                                          0x0519       2
gCurMode                                                                          0x051B       1
gReadyActionFlag                                                                  0x051C       1
gVolChkCount                                                                      0x051D       2
IPC1Rcvfun                                                                        0x051F      24
IPC1Sndfun                                                                        0x0537      24
IPC0Rcvfun                                                                        0x054F      24
IPC0Sndfun                                                                        0x0567      24
rx_buffer0                                                                        0x057F     250
rx_buffer1                                                                        0x0679     250
gAdcLoc                                                                           0x0773       2
gElLoc                                                                            0x0775       2
gCurState                                                                         0x0777       2
gCalValue0                                                                        0x0779       2
gCalValue1                                                                        0x077B       2
gDutyOff                                                                          0x077D       2
gShotCnt                                                                          0x077F       1
gShotWaitTime                                                                     0x0780       2
gShotGapWaitTime                                                                  0x0782       2
gSetVolagteInitTime                                                               0x0784       2
gShift                                                                            0x0786       2
gVolAdjCount                                                                      0x0788       2
gGenMode                                                                          0x078A       1
_seed                                                                             0x078B       4

EEPROM Allocation [bytes]
Variable                                                                          Address   Size
------------------------------------------------------------------------------------------------

Register Allocation
Variable                                                                          Register  Size
------------------------------------------------------------------------------------------------
rx_wr_index0                                                                      R5           1
rx_rd_index0                                                                      R4           1
rx_counter0                                                                       R7           1
rx_buffer_overflow0                                                               R6           1
mRcvErrFlag0                                                                      R9           1
rx_wr_index1                                                                      R8           1
rx_rd_index1                                                                      R11          1
rx_counter1                                                                       R10          1
rx_buffer_overflow1                                                               R13          1
mRcvErrFlag1                                                                      R12          1

FLASH Allocation [words]
Function                                                                          Address   Size
------------------------------------------------------------------------------------------------
_EEPROMWrite                                                                      0x000F4     13
_EEPROMRead                                                                       0x00101     12
E2pReadLen                                                                        0x0010D     32
E2pWriteLen                                                                       0x0012D     30
i2c_delay                                                                         0x0014B      2
DAC7611_init                                                                      0x0014D      4
DAC7611_WriteVoltage                                                              0x00151     32
DAC7611_Write                                                                     0x00171     43
IPC1_RCV_MODE                                                                     0x0019C      3
IPC1_RCV_RUN                                                                      0x0019F     14
IPC1_RCV_DOSE                                                                     0x001AD     28
IPC1_RCV_VOLTAGE                                                                  0x001C9     24
IPC1_RCV_DEPTH                                                                    0x001E1     17
IPC1_RCV_SPEED                                                                    0x001F2     20
IPC1_RCV_ELCOUNT                                                                  0x00206     28
IPC1_RCV_FLAG                                                                     0x00222      6
IPC1_RCV_EL_MAP                                                                   0x00228     29
IPC1_RCV_MOTOR_POS1                                                               0x00245      3
IPC1_RCV_MOTOR_POS2                                                               0x00248      3
IPC1_RCV_ERROR                                                                    0x0024B     39
IPC1_SND_MODE                                                                     0x00272     13
IPC1_SND_RUN                                                                      0x0027F     12
IPC1_SND_DOSE                                                                     0x0028B     12
IPC1_SND_VOLTAGE                                                                  0x00297     12
IPC1_SND_ELCOUNT                                                                  0x002BB     12
IPC1_SND_EL_MAP                                                                   0x002D7     34
MakeCrc                                                                           0x00332     25
IPC_RunProcess1                                                                   0x0034B     36
IPC_Send_Response1                                                                0x0036F      5
IPC_RcvProcess1                                                                   0x00374     34
IPC_SndProcess1                                                                   0x00396     28
IPC0_RCV_MODE                                                                     0x003B2     46
IPC0_RCV_RUN                                                                      0x003E0     26
IPC0_RCV_DOSE                                                                     0x003FA      3
IPC0_RCV_VOLTAGE                                                                  0x003FD      3
IPC0_RCV_DEPTH                                                                    0x00400      3
IPC0_RCV_SPEED                                                                    0x00403      3
IPC0_RCV_ELCOUNT                                                                  0x00406      3
IPC0_RCV_FLAG                                                                     0x00409     12
IPC0_RCV_EL_MAP                                                                   0x00415      3
IPC0_RCV_MOTOR_POS1                                                               0x00418     13
IPC0_RCV_MOTOR_POS2                                                               0x00425     13
IPC0_RCV_ERROR                                                                    0x00432     23
IPC_RunProcess0                                                                   0x004A8     41
IPC_Send_Response0                                                                0x004D1      8
IPC_RcvProcess0                                                                   0x004D9     36
IPC_SndProcess0                                                                   0x004FD     32
usart1_rx_isr                                                                     0x0051D     27
IPC_Get_RxCount1                                                                  0x00550      2
IPC_ResetCount1                                                                   0x00552      6
Tputchar1                                                                         0x00558      9
IPC_RcvData_Interrupt1                                                            0x00561     19
IPC_SendData1                                                                     0x00574     11
usart0_rx_isr                                                                     0x0057F     31
getchar0                                                                          0x0059E     25
IPC_Get_RxCount0                                                                  0x005B7      2
IPC_ResetCount0                                                                   0x005B9      6
Tputchar0                                                                         0x005BF      7
IPC_RcvData_Interrupt0                                                            0x005C6     23
IPC_SendData0                                                                     0x005DD     14
read_adc                                                                          0x005EB     40
timer0_ovf_isr                                                                    0x00613     19
PulseGenerator                                                                    0x00626    280
timer1_ovf_isr                                                                    0x0073E     45
PortInit                                                                          0x0076B     87
InitData                                                                          0x007C2     33
InitSettingData                                                                   0x007E3      5
SystemInit                                                                        0x007E8     19
WaitEvent                                                                         0x007FB     35
SaveInEeprom                                                                      0x0081E     72
LoadInEeprom                                                                      0x00866    151
ADCProcessor                                                                      0x008FD    314
DisplayLed                                                                        0x00A37     29
UserProcessor                                                                     0x00A54     50
main                                                                              0x00A86     81
memset                                                                            0x00AD7     16

FLASH Allocation [words]
Function                                                                          Address   Size
------------------------------------------------------------------------------------------------
_EEPROMWrite                                                                      0x000F4     13
_EEPROMRead                                                                       0x00101     12
E2pReadLen                                                                        0x0010D     32
E2pWriteLen                                                                       0x0012D     30
i2c_delay                                                                         0x0014B      2
DAC7611_init                                                                      0x0014D      4
DAC7611_WriteVoltage                                                              0x00151     32
DAC7611_Write                                                                     0x00171     43
IPC1_RCV_MODE                                                                     0x0019C      3
IPC1_RCV_RUN                                                                      0x0019F     14
IPC1_RCV_DOSE                                                                     0x001AD     28
IPC1_RCV_VOLTAGE                                                                  0x001C9     24
IPC1_RCV_DEPTH                                                                    0x001E1     17
IPC1_RCV_SPEED                                                                    0x001F2     20
IPC1_RCV_ELCOUNT                                                                  0x00206     28
IPC1_RCV_FLAG                                                                     0x00222      6
IPC1_RCV_EL_MAP                                                                   0x00228     29
IPC1_RCV_MOTOR_POS1                                                               0x00245      3
IPC1_RCV_MOTOR_POS2                                                               0x00248      3
IPC1_RCV_ERROR                                                                    0x0024B     39
IPC1_SND_MODE                                                                     0x00272     13
IPC1_SND_RUN                                                                      0x0027F     12
IPC1_SND_DOSE                                                                     0x0028B     12
IPC1_SND_VOLTAGE                                                                  0x00297     12
IPC1_SND_ELCOUNT                                                                  0x002BB     12
IPC1_SND_EL_MAP                                                                   0x002D7     34
MakeCrc                                                                           0x00332     25
IPC_RunProcess1                                                                   0x0034B     36
IPC_Send_Response1                                                                0x0036F      5
IPC_RcvProcess1                                                                   0x00374     34
IPC_SndProcess1                                                                   0x00396     28
IPC0_RCV_MODE                                                                     0x003B2     46
IPC0_RCV_RUN                                                                      0x003E0     26
IPC0_RCV_DOSE                                                                     0x003FA      3
IPC0_RCV_VOLTAGE                                                                  0x003FD      3
IPC0_RCV_DEPTH                                                                    0x00400      3
IPC0_RCV_SPEED                                                                    0x00403      3
IPC0_RCV_ELCOUNT                                                                  0x00406      3
IPC0_RCV_FLAG                                                                     0x00409     12
IPC0_RCV_EL_MAP                                                                   0x00415      3
IPC0_RCV_MOTOR_POS1                                                               0x00418     13
IPC0_RCV_MOTOR_POS2                                                               0x00425     13
IPC0_RCV_ERROR                                                                    0x00432     23
IPC_RunProcess0                                                                   0x004A8     41
IPC_Send_Response0                                                                0x004D1      8
IPC_RcvProcess0                                                                   0x004D9     36
IPC_SndProcess0                                                                   0x004FD     32
usart1_rx_isr                                                                     0x0051D     27
IPC_Get_RxCount1                                                                  0x00550      2
IPC_ResetCount1                                                                   0x00552      6
Tputchar1                                                                         0x00558      9
IPC_RcvData_Interrupt1                                                            0x00561     19
IPC_SendData1                                                                     0x00574     11
usart0_rx_isr                                                                     0x0057F     31
getchar0                                                                          0x0059E     25
IPC_Get_RxCount0                                                                  0x005B7      2
IPC_ResetCount0                                                                   0x005B9      6
Tputchar0                                                                         0x005BF      7
IPC_RcvData_Interrupt0                                                            0x005C6     23
IPC_SendData0                                                                     0x005DD     14
read_adc                                                                          0x005EB     40
timer0_ovf_isr                                                                    0x00613     19
PulseGenerator                                                                    0x00626    280
timer1_ovf_isr                                                                    0x0073E     45
PortInit                                                                          0x0076B     87
InitData                                                                          0x007C2     33
InitSettingData                                                                   0x007E3      5
SystemInit                                                                        0x007E8     19
WaitEvent                                                                         0x007FB     35
SaveInEeprom                                                                      0x0081E     72
LoadInEeprom                                                                      0x00866    151
ADCProcessor                                                                      0x008FD    314
DisplayLed                                                                        0x00A37     29
UserProcessor                                                                     0x00A54     50
main                                                                              0x00A86     81
memset                                                                            0x00AD7     16
